perl: warning: Setting locale failed.
perl: warning: Please check that your locale settings:
	LC_ALL = "C.UTF-8",
	LC_CTYPE = "C.UTF-8",
	LC_NUMERIC = (unset),
	LC_COLLATE = (unset),
	LC_TIME = (unset),
	LC_MONETARY = (unset),
	LANG = "C.UTF-8"
    are supported and installed on your system.
perl: warning: Falling back to the system default locale ("Thai_Thailand.874").
Initial Win CP for (console input, console output, system): (CP874, CP65001, CP874)
I changed them all to CP874
Rc files read (in order):
  NONE
Latexmk: This is Latexmk, John Collins, 9 March 2026. Version 4.88.
Latexmk: applying rule 'pdflatex'...
Rule 'pdflatex':  Reasons for rerun
Changed files or newly in use/created:
  main.tex
Category 'changed_user':
  main.tex

------------
Run number 1 of rule 'pdflatex'
------------
------------
Running 'pdflatex  -interaction=nonstopmode -halt-on-error -recorder  "main.tex"'
------------
This is pdfTeX, Version 3.141592653-2.6-1.40.28 (MiKTeX 25.12) (preloaded format=pdflatex.fmt)
 restricted \write18 enabled.
entering extended mode
(main.tex
LaTeX2e <2025-11-01>
L3 programming layer <2025-12-24>
(elsarticle.cls
Document Class: elsarticle 2024/04/04, 3.4: Elsevier Ltd
(C:\Users\Siripon Sri\AppData\Local\Programs\MiKTeX\tex/latex/base\fontenc.sty)

(C:\Users\Siripon Sri\AppData\Local\Programs\MiKTeX\tex/latex/l3kernel\expl3.st
y
(C:\Users\Siripon Sri\AppData\Local\Programs\MiKTeX\tex/latex/l3backend\l3backe
nd-pdftex.def))
(C:\Users\Siripon Sri\AppData\Local\Programs\MiKTeX\tex/latex/l3packages/xparse
\xparse.sty)
(C:\Users\Siripon Sri\AppData\Local\Programs\MiKTeX\tex/latex/etoolbox\etoolbox
.sty)
(C:\Users\Siripon Sri\AppData\Local\Programs\MiKTeX\tex/latex/base\article.cls
Document Class: article 2025/01/22 v1.4n Standard LaTeX document class
(C:\Users\Siripon Sri\AppData\Local\Programs\MiKTeX\tex/latex/base\size12.clo))

(C:\Users\Siripon Sri\AppData\Local\Programs\MiKTeX\tex/latex/graphics\graphicx
.sty
(C:\Users\Siripon Sri\AppData\Local\Programs\MiKTeX\tex/latex/graphics\keyval.s
ty)
(C:\Users\Siripon Sri\AppData\Local\Programs\MiKTeX\tex/latex/graphics\graphics
.sty
(C:\Users\Siripon Sri\AppData\Local\Programs\MiKTeX\tex/latex/graphics\trig.sty
)
(C:\Users\Siripon Sri\AppData\Local\Programs\MiKTeX\tex/latex/graphics-cfg\grap
hics.cfg)
(C:\Users\Siripon Sri\AppData\Local\Programs\MiKTeX\tex/latex/graphics-def\pdft
ex.def))) (main.spl)
(C:\Users\Siripon Sri\AppData\Local\Programs\MiKTeX\tex/latex/natbib\natbib.sty
))
(C:\Users\Siripon Sri\AppData\Local\Programs\MiKTeX\tex/latex/base\fontenc.sty)

(C:\Users\Siripon Sri\AppData\Local\Programs\MiKTeX\tex/latex/base\inputenc.sty
) (C:\Users\Siripon Sri\AppData\Local\Programs\MiKTeX\tex/latex/lm\lmodern.sty)

(C:\Users\Siripon Sri\AppData\Local\Programs\MiKTeX\tex/latex/booktabs\booktabs
.sty)
(C:\Users\Siripon Sri\AppData\Local\Programs\MiKTeX\tex/latex/tools\tabularx.st
y (C:\Users\Siripon Sri\AppData\Local\Programs\MiKTeX\tex/latex/tools\array.sty
))
(C:\Users\Siripon Sri\AppData\Local\Programs\MiKTeX\tex/latex/amsmath\amsmath.s
ty
For additional information on amsmath, use the `?' option.

(C:\Users\Siripon Sri\AppData\Local\Programs\MiKTeX\tex/latex/amsmath\amstext.s
ty
(C:\Users\Siripon Sri\AppData\Local\Programs\MiKTeX\tex/latex/amsmath\amsgen.st
y))
(C:\Users\Siripon Sri\AppData\Local\Programs\MiKTeX\tex/latex/amsmath\amsbsy.st
y)
(C:\Users\Siripon Sri\AppData\Local\Programs\MiKTeX\tex/latex/amsmath\amsopn.st
y))
(C:\Users\Siripon Sri\AppData\Local\Programs\MiKTeX\tex/latex/amsfonts\amssymb.
sty
(C:\Users\Siripon Sri\AppData\Local\Programs\MiKTeX\tex/latex/amsfonts\amsfonts
.sty))
(C:\Users\Siripon Sri\AppData\Local\Programs\MiKTeX\tex/latex/url\url.sty)
(C:\Users\Siripon Sri\AppData\Local\Programs\MiKTeX\tex/latex/hyperref\hyperref
.sty
(C:\Users\Siripon Sri\AppData\Local\Programs\MiKTeX\tex/generic/iftex\iftex.sty
)
(C:\Users\Siripon Sri\AppData\Local\Programs\MiKTeX\tex/latex/kvsetkeys\kvsetke
ys.sty)
(C:\Users\Siripon Sri\AppData\Local\Programs\MiKTeX\tex/generic/kvdefinekeys\kv
definekeys.sty)
(C:\Users\Siripon Sri\AppData\Local\Programs\MiKTeX\tex/generic/pdfescape\pdfes
cape.sty
(C:\Users\Siripon Sri\AppData\Local\Programs\MiKTeX\tex/generic/ltxcmds\ltxcmds
.sty)
(C:\Users\Siripon Sri\AppData\Local\Programs\MiKTeX\tex/generic/pdftexcmds\pdft
excmds.sty
(C:\Users\Siripon Sri\AppData\Local\Programs\MiKTeX\tex/generic/infwarerr\infwa
rerr.sty)))
(C:\Users\Siripon Sri\AppData\Local\Programs\MiKTeX\tex/latex/hycolor\hycolor.s
ty)
(C:\Users\Siripon Sri\AppData\Local\Programs\MiKTeX\tex/latex/hyperref\nameref.
sty
(C:\Users\Siripon Sri\AppData\Local\Programs\MiKTeX\tex/latex/refcount\refcount
.sty)
(C:\Users\Siripon Sri\AppData\Local\Programs\MiKTeX\tex/generic/gettitlestring\
gettitlestring.sty
(C:\Users\Siripon Sri\AppData\Local\Programs\MiKTeX\tex/latex/kvoptions\kvoptio
ns.sty)))
(C:\Users\Siripon Sri\AppData\Local\Programs\MiKTeX\tex/generic/stringenc\strin
genc.sty)
(C:\Users\Siripon Sri\AppData\Local\Programs\MiKTeX\tex/latex/hyperref\pd1enc.d
ef)
(C:\Users\Siripon Sri\AppData\Local\Programs\MiKTeX\tex/generic/intcalc\intcalc
.sty)
(C:\Users\Siripon Sri\AppData\Local\Programs\MiKTeX\tex/latex/hyperref\puenc.de
f)
(C:\Users\Siripon Sri\AppData\Local\Programs\MiKTeX\tex/generic/bitset\bitset.s
ty
(C:\Users\Siripon Sri\AppData\Local\Programs\MiKTeX\tex/generic/bigintcalc\bigi
ntcalc.sty)))
(C:\Users\Siripon Sri\AppData\Local\Programs\MiKTeX\tex/latex/hyperref\hpdftex.
def
(C:\Users\Siripon Sri\AppData\Local\Programs\MiKTeX\tex/latex/rerunfilecheck\re
runfilecheck.sty
(C:\Users\Siripon Sri\AppData\Local\Programs\MiKTeX\tex/generic/uniquecounter\u
niquecounter.sty)))
(C:\Users\Siripon Sri\AppData\Local\Programs\MiKTeX\tex/latex/lm\t1lmr.fd)
(main.aux)
(C:\Users\Siripon Sri\AppData\Local\Programs\MiKTeX\tex/context/base/mkii\supp-
pdf.mkii
[Loading MPS to PDF converter (version 2006.09.02).]
)
(C:\Users\Siripon Sri\AppData\Local\Programs\MiKTeX\tex/latex/epstopdf-pkg\epst
opdf-base.sty
(C:\Users\Siripon Sri\AppData\Local\Programs\MiKTeX\tex/latex/00miktex\epstopdf
-sys.cfg)) (main.out) (main.out)
(C:\Users\Siripon Sri\AppData\Local\Programs\MiKTeX\tex/latex/lm\ot1lmr.fd)
(C:\Users\Siripon Sri\AppData\Local\Programs\MiKTeX\tex/latex/lm\omllmm.fd)
(C:\Users\Siripon Sri\AppData\Local\Programs\MiKTeX\tex/latex/lm\omslmsy.fd)
(C:\Users\Siripon Sri\AppData\Local\Programs\MiKTeX\tex/latex/lm\omxlmex.fd)
(C:\Users\Siripon Sri\AppData\Local\Programs\MiKTeX\tex/latex/amsfonts\umsa.fd)
(C:\Users\Siripon Sri\AppData\Local\Programs\MiKTeX\tex/latex/amsfonts\umsb.fd)
 [1{C:/Users/Siripon Sri/AppData/Local/MiKTeX/fonts/map/pdftex/pdftex.map}{C:/U
sers/Siripon Sri/AppData/Local/Programs/MiKTeX/fonts/enc/dvips/lm/lm-ec.enc}]
[2] [3] [4 <./figures/fig1_rcrs_protocol.pdf>] [5{C:/Users/Siripon Sri/AppData/
Local/Programs/MiKTeX/fonts/enc/dvips/lm/lm-mathit.enc}{C:/Users/Siripon Sri/Ap
pData/Local/Programs/MiKTeX/fonts/enc/dvips/lm/lm-mathsy.enc}{C:/Users/Siripon 
Sri/AppData/Local/Programs/MiKTeX/fonts/enc/dvips/lm/lm-rm.enc}] [6{C:/Users/Si
ripon Sri/AppData/Local/Programs/MiKTeX/fonts/enc/dvips/lm/lm-mathex.enc}]
[7] (C:\Users\Siripon Sri\AppData\Local\Programs\MiKTeX\tex/latex/lm\t1lmtt.fd)
[8] [9] [10] [11]
Underfull \hbox (badness 1028) in paragraph at lines 493--498
[]\T1/lmr/m/n/12 Selection-125 eval-u-ates the frozen re-search ref-er-ence, BA
L-ANCED,
[12] [13] [14 <./figures/fig2_transfer_controls.pdf>] [15 <./figures/fig3_final
_confirmation.pdf>]
Underfull \hbox (badness 2318) in paragraph at lines 662--670
[]\T1/lmr/m/n/12 After Final-872 fixed the se-lected RCRS con-fig-u-ra-tion, th
e full-
[16] [17] [18 <./figures/fig4_candidate_exposure.pdf>] (main.bbl [19]
Underfull \hbox (badness 4181) in paragraph at lines 18--23
\T1/lmr/m/n/12 and model fam-ily for patent text em-bed-ding[], arXiv preprint
[20]
Underfull \hbox (badness 1609) in paragraph at lines 74--80
[]\T1/lmr/m/n/12 J. Chen, S. Xiao, P. Zhang, K. Luo, D. Lian, Z. Liu, []BGE

Underfull \hbox (badness 1424) in paragraph at lines 82--87
[]\T1/lmr/m/n/12 L. Mer-rick, D. Xu, G. Nuti, D. Cam-pos, []Arctic-embed: Scal-

) [21] [22] (main.aux) )
(see the transcript file for additional information)<C:/Users/Siripon Sri/AppDa
ta/Local/Programs/MiKTeX/fonts/type1/public/lm/lmbx12.pfb><C:/Users/Siripon Sri
/AppData/Local/Programs/MiKTeX/fonts/type1/public/lm/lmex10.pfb><C:/Users/Sirip
on Sri/AppData/Local/Programs/MiKTeX/fonts/type1/public/lm/lmmi10.pfb><C:/Users
/Siripon Sri/AppData/Local/Programs/MiKTeX/fonts/type1/public/lm/lmmi12.pfb><C:
/Users/Siripon Sri/AppData/Local/Programs/MiKTeX/fonts/type1/public/lm/lmmi8.pf
b><C:/Users/Siripon Sri/AppData/Local/Programs/MiKTeX/fonts/type1/public/lm/lmr
10.pfb><C:/Users/Siripon Sri/AppData/Local/Programs/MiKTeX/fonts/type1/public/l
m/lmr12.pfb><C:/Users/Siripon Sri/AppData/Local/Programs/MiKTeX/fonts/type1/pub
lic/lm/lmr17.pfb><C:/Users/Siripon Sri/AppData/Local/Programs/MiKTeX/fonts/type
1/public/lm/lmr7.pfb><C:/Users/Siripon Sri/AppData/Local/Programs/MiKTeX/fonts/
type1/public/lm/lmr8.pfb><C:/Users/Siripon Sri/AppData/Local/Programs/MiKTeX/fo
nts/type1/public/lm/lmri10.pfb><C:/Users/Siripon Sri/AppData/Local/Programs/MiK
TeX/fonts/type1/public/lm/lmri12.pfb><C:/Users/Siripon Sri/AppData/Local/Progra
ms/MiKTeX/fonts/type1/public/lm/lmsy10.pfb><C:/Users/Siripon Sri/AppData/Local/
Programs/MiKTeX/fonts/type1/public/lm/lmsy8.pfb><C:/Users/Siripon Sri/AppData/L
ocal/Programs/MiKTeX/fonts/type1/public/lm/lmtt10.pfb><C:/Users/Siripon Sri/App
Data/Local/Programs/MiKTeX/fonts/type1/public/lm/lmtt12.pfb>
Output written on main.pdf (22 pages, 568356 bytes).
Transcript written on main.log.
pdflatex: major issue: So far, you have not checked for MiKTeX updates.
Latexmk: Getting log file 'main.log'
Latexmk: Examining 'main.fls'
Latexmk: Examining 'main.log'
Latexmk: Found input bbl file 'main.bbl'
Latexmk: Log file says output to 'main.pdf'
Latexmk: Using bibtex to make bibliography file(s).
  ===Source file 'main.bbl' for 'pdflatex'
kpsewhich: major issue: So far, you have not checked for MiKTeX updates.
kpsewhich: major issue: So far, you have not checked for MiKTeX updates.
Latexmk: Found bibliography file(s):
  ./references.bib
Latexmk: All targets (main.pdf) are up-to-date

Reverting Windows console CPs to (in,out) = (874,65001)
latexmk: major issue: So far, you have not checked for MiKTeX updates.
