perl: warning: Setting locale failed.
perl: warning: Please check that your locale settings:
	LC_ALL = "C.UTF-8",
	LC_CTYPE = "C.UTF-8",
	LC_NUMERIC = (unset),
	LC_COLLATE = (unset),
	LC_TIME = (unset),
	LC_MONETARY = (unset),
	LANG = "C.UTF-8"
    are supported and installed on your system.
perl: warning: Falling back to the system default locale ("Thai_Thailand.874").
Initial Win CP for (console input, console output, system): (CP874, CP65001, CP874)
I changed them all to CP874
Rc files read (in order):
  NONE
Latexmk: This is Latexmk, John Collins, 9 March 2026. Version 4.88.
Latexmk: Nothing to do for 'title_page.tex'.
Latexmk: All targets (title_page.pdf) are up-to-date

Reverting Windows console CPs to (in,out) = (874,65001)
latexmk: major issue: So far, you have not checked for MiKTeX updates.
